
ADS+alm04633@pc1022002295 MINGW64 ~/Ironhack/New Cohort/Week 1/Day 1/lab-bash (master)
$ echo "Hello World"
Hello World

ADS+alm04633@pc1022002295 MINGW64 ~/Ironhack/New Cohort/Week 1/Day 1/lab-bash (master)
$ mkdir new_dir

ADS+alm04633@pc1022002295 MINGW64 ~/Ironhack/New Cohort/Week 1/Day 1/lab-bash (master)
$ rm -rf new_dir

ADS+alm04633@pc1022002295 MINGW64 ~/Ironhack/New Cohort/Week 1/Day 1/lab-bash (master)
$ cp lorem/sed.txt lorem-copy

ADS+alm04633@pc1022002295 MINGW64 ~/Ironhack/New Cohort/Week 1/Day 1/lab-bash (master)
$ cp lorem/at.txt lorem-copy; cp lorem/lorem.txt lorem-copy

ADS+alm04633@pc1022002295 MINGW64 ~/Ironhack/New Cohort/Week 1/Day 1/lab-bash (master)
$ cat lorem/sed.txt
Sed ut perspiciatis unde omnis iste natus error sit voluptatem accusantium doloremque laudantium,
totam rem aperiam, eaque ipsa quae ab illo inventore veritatis et quasi architecto beatae vitae dicta sunt explicabo.
Nemo enim ipsam voluptatem quia voluptas sit aspernatur aut odit aut fugit,
sed quia consequuntur magni dolores eos qui ratione voluptatem sequi nesciunt.
Neque porro quisquam est, qui dolorem ipsum quia dolor sit amet, consectetur, adipisci velit,
sed quia non numquam eius modi tempora incidunt ut labore et dolore magnam aliquam quaerat voluptatem.
Ut enim ad minima veniam, quis nostrum exercitationem ullam corporis suscipit laboriosam,
nisi ut aliquid ex ea commodi consequatur? Quis autem vel eum iure reprehenderit qui in ea voluptate velit esse quam nihil molestiae consequatur,
vel illum qui dolorem eum fugiat quo voluptas nulla pariatur?Homo homini lupus

ADS+alm04633@pc1022002295 MINGW64 ~/Ironhack/New Cohort/Week 1/Day 1/lab-bash (master)
$ cat lorem/at.txt lorem/lorem.txt
At vero eos ET accusamus ET iusto odio dignissimos ducimus qui blanditiis praesentium voluptatum
deleniti atque corrupti quos dolores ET quas molestias excepturi sint occaecati cupiditate non
provident, similique sunt in culpa qui officia deserunt mollitia animi, id est laborum ET dolorum fuga.
Et harum quidem rerum facilis est ET expedita distinctio.
Nam libero tempore, cum soluta nobis est eligendi optio cumque nihil impedit quo minus id quod
maxime placeat facere possimus, omnis voluptas assumenda est, omnis dolor repellendus.
Temporibus autem quibusdam ET aut officiis debitis aut rerum necessitatibus saepe eveniET
ut ET voluptates repudiandae sint ET molestiae non recusandae.
Itaque earum rerum hic tenETur a sapiente delectus, ut aut reiciendis voluptatibus maiores
alias consequatur aut perferendis doloribus asperiores repellat
Lorem ipsum dolor sit amet, consectetur adipiscing elit, sed do eiusmod tempor incididunt ut labore et dolore magna aliqua.
Ut enim ad minim veniam, quis nostrud exercitation ullamco laboris nisi ut aliquip ex ea commodo consequat.
Duis aute irure dolor in reprehenderit in voluptate velit esse cillum dolore eu fugiat nulla pariatur.
Excepteur sint occaecat cupidatat non proident, sunt in culpa qui officia deserunt mollit anim id est laborum.
ADS+alm04633@pc1022002295 MINGW64 ~/Ironhack/New Cohort/Week 1/Day 1/lab-bash (master)
$ head -n 3 lorem-copy/sed.txt
Sed ut perspiciatis unde omnis iste natus error sit voluptatem accusantium doloremque laudantium,
totam rem aperiam, eaque ipsa quae ab illo inventore veritatis et quasi architecto beatae vitae dicta sunt explicabo.
Nemo enim ipsam voluptatem quia voluptas sit aspernatur aut odit aut fugit,

ADS+alm04633@pc1022002295 MINGW64 ~/Ironhack/New Cohort/Week 1/Day 1/lab-bash (master)
$ tail -n 3 lorem-copy/sed.txt
Ut enim ad minima veniam, quis nostrum exercitationem ullam corporis suscipit laboriosam,
nisi ut aliquid ex ea commodi consequatur? Quis autem vel eum iure reprehenderit qui in ea voluptate velit esse quam nihil molestiae consequatur,
vel illum qui dolorem eum fugiat quo voluptas nulla pariatur?Homo homini lupus

ADS+alm04633@pc1022002295 MINGW64 ~/Ironhack/New Cohort/Week 1/Day 1/lab-bash (master)
$ echo "Homo homini lupus." >> lorem-copy/sed.txt

ADS+alm04633@pc1022002295 MINGW64 ~/Ironhack/New Cohort/Week 1/Day 1/lab-bash (master)
$ tail -n 3 lorem-copy/sed.txt
nisi ut aliquid ex ea commodi consequatur? Quis autem vel eum iure reprehenderit qui in ea voluptate velit esse quam nihil molestiae consequatur,
vel illum qui dolorem eum fugiat quo voluptas nulla pariatur?Homo homini lupus
Homo homini lupus.

ADS+alm04633@pc1022002295 MINGW64 ~/Ironhack/New Cohort/Week 1/Day 1/lab-bash (master)
$ sed -i 's/et/ET/g' lorem/sed.txt

ADS+alm04633@pc1022002295 MINGW64 ~/Ironhack/New Cohort/Week 1/Day 1/lab-bash (master)
$ cat lorem/sed.txt
Sed ut perspiciatis unde omnis iste natus error sit voluptatem accusantium doloremque laudantium,
totam rem aperiam, eaque ipsa quae ab illo inventore veritatis ET quasi architecto beatae vitae dicta sunt explicabo.
Nemo enim ipsam voluptatem quia voluptas sit aspernatur aut odit aut fugit,
sed quia consequuntur magni dolores eos qui ratione voluptatem sequi nesciunt.
Neque porro quisquam est, qui dolorem ipsum quia dolor sit amET, consectETur, adipisci velit,
sed quia non numquam eius modi tempora incidunt ut labore ET dolore magnam aliquam quaerat voluptatem.
Ut enim ad minima veniam, quis nostrum exercitationem ullam corporis suscipit laboriosam,
nisi ut aliquid ex ea commodi consequatur? Quis autem vel eum iure reprehenderit qui in ea voluptate velit esse quam nihil molestiae consequatur,
vel illum qui dolorem eum fugiat quo voluptas nulla pariatur?Homo homini lupus

ADS+alm04633@pc1022002295 MINGW64 ~/Ironhack/New Cohort/Week 1/Day 1/lab-bash (master)
$ whoami
ADS+alm04633

ADS+alm04633@pc1022002295 MINGW64 ~/Ironhack/New Cohort/Week 1/Day 1/lab-bash (master)
$ pwd
/c/Users/alm04633/Ironhack/New Cohort/Week 1/Day 1/lab-bash

ADS+alm04633@pc1022002295 MINGW64 ~/Ironhack/New Cohort/Week 1/Day 1/lab-bash (master)
$ git ls-files lorem/*.txt
lorem/at.txt
lorem/lorem.txt
lorem/sed.txt

ADS+alm04633@pc1022002295 MINGW64 ~/Ironhack/New Cohort/Week 1/Day 1/lab-bash (master)
$ cat lorem/sed.txt | wc -l
9

ADS+alm04633@pc1022002295 MINGW64 ~/Ironhack/New Cohort/Week 1/Day 1/lab-bash (master)
$ ls -l */lorem* | wc -l
2

ADS+alm04633@pc1022002295 MINGW64 ~/Ironhack/New Cohort/Week 1/Day 1/lab-bash (master)
$
